[0.430s] Invoking command in '/home/shogo/ros2_ws/src/mypkg': CONDA_PROMPT_MODIFIER=(base) PYTHONPATH=/home/shogo/ros2_ws/src/mypkg/build/mypkg/prefix_override:/usr/lib/python3/dist-packages/colcon_core/task/python/colcon_distutils_commands:/home/shogo/ros2_ws/src/mypkg/install/mypkg/lib/python3.12/site-packages:${PYTHONPATH} /usr/bin/python3 -W ignore:setup.py install is deprecated -W ignore:easy_install command is deprecated setup.py egg_info --egg-base build/mypkg build --build-base /home/shogo/ros2_ws/src/mypkg/build/mypkg/build install --record /home/shogo/ros2_ws/src/mypkg/build/mypkg/install.log --single-version-externally-managed install_data
[0.566s] running egg_info
[0.566s] creating build/mypkg/mypkg.egg-info
[0.577s] writing build/mypkg/mypkg.egg-info/PKG-INFO
[0.578s] writing dependency_links to build/mypkg/mypkg.egg-info/dependency_links.txt
[0.578s] writing entry points to build/mypkg/mypkg.egg-info/entry_points.txt
[0.584s] writing requirements to build/mypkg/mypkg.egg-info/requires.txt
[0.584s] writing top-level names to build/mypkg/mypkg.egg-info/top_level.txt
[0.584s] writing manifest file 'build/mypkg/mypkg.egg-info/SOURCES.txt'
[0.600s] reading manifest file 'build/mypkg/mypkg.egg-info/SOURCES.txt'
[0.601s] adding license file 'LICENSE'
[0.601s] writing manifest file 'build/mypkg/mypkg.egg-info/SOURCES.txt'
[0.602s] running build
[0.602s] running build_py
[0.602s] creating /home/shogo/ros2_ws/src/mypkg/build/mypkg/build
[0.602s] creating /home/shogo/ros2_ws/src/mypkg/build/mypkg/build/lib
[0.603s] creating /home/shogo/ros2_ws/src/mypkg/build/mypkg/build/lib/mypkg
[0.603s] copying mypkg/__init__.py -> /home/shogo/ros2_ws/src/mypkg/build/mypkg/build/lib/mypkg
[0.603s] copying mypkg/inkinematics.py -> /home/shogo/ros2_ws/src/mypkg/build/mypkg/build/lib/mypkg
[0.604s] running install
[0.608s] running install_lib
[0.618s] creating /home/shogo/ros2_ws/src/mypkg/install/mypkg/lib/python3.12/site-packages/mypkg
[0.618s] copying /home/shogo/ros2_ws/src/mypkg/build/mypkg/build/lib/mypkg/__init__.py -> /home/shogo/ros2_ws/src/mypkg/install/mypkg/lib/python3.12/site-packages/mypkg
[0.619s] copying /home/shogo/ros2_ws/src/mypkg/build/mypkg/build/lib/mypkg/inkinematics.py -> /home/shogo/ros2_ws/src/mypkg/install/mypkg/lib/python3.12/site-packages/mypkg
[0.619s] byte-compiling /home/shogo/ros2_ws/src/mypkg/install/mypkg/lib/python3.12/site-packages/mypkg/__init__.py to __init__.cpython-312.pyc
[0.624s] byte-compiling /home/shogo/ros2_ws/src/mypkg/install/mypkg/lib/python3.12/site-packages/mypkg/inkinematics.py to inkinematics.cpython-312.pyc
[0.624s] running install_data
[0.624s] creating /home/shogo/ros2_ws/src/mypkg/install/mypkg/share/ament_index
[0.624s] creating /home/shogo/ros2_ws/src/mypkg/install/mypkg/share/ament_index/resource_index
[0.624s] creating /home/shogo/ros2_ws/src/mypkg/install/mypkg/share/ament_index/resource_index/packages
[0.624s] copying resource/mypkg -> /home/shogo/ros2_ws/src/mypkg/install/mypkg/share/ament_index/resource_index/packages
[0.624s] copying package.xml -> /home/shogo/ros2_ws/src/mypkg/install/mypkg/share/mypkg
[0.624s] copying launch/drawing_robot.launch.py -> /home/shogo/ros2_ws/src/mypkg/install/mypkg/share/mypkg
[0.624s] creating /home/shogo/ros2_ws/src/mypkg/install/mypkg/share/mypkg/data
[0.624s] running install_egg_info
[0.639s] Copying build/mypkg/mypkg.egg-info to /home/shogo/ros2_ws/src/mypkg/install/mypkg/lib/python3.12/site-packages/mypkg-0.0.0-py3.12.egg-info
[0.642s] running install_scripts
[0.717s] Installing inkinematics script to /home/shogo/ros2_ws/src/mypkg/install/mypkg/lib/mypkg
[0.718s] writing list of installed files to '/home/shogo/ros2_ws/src/mypkg/build/mypkg/install.log'
[0.744s] Invoked command in '/home/shogo/ros2_ws/src/mypkg' returned '0': CONDA_PROMPT_MODIFIER=(base) PYTHONPATH=/home/shogo/ros2_ws/src/mypkg/build/mypkg/prefix_override:/usr/lib/python3/dist-packages/colcon_core/task/python/colcon_distutils_commands:/home/shogo/ros2_ws/src/mypkg/install/mypkg/lib/python3.12/site-packages:${PYTHONPATH} /usr/bin/python3 -W ignore:setup.py install is deprecated -W ignore:easy_install command is deprecated setup.py egg_info --egg-base build/mypkg build --build-base /home/shogo/ros2_ws/src/mypkg/build/mypkg/build install --record /home/shogo/ros2_ws/src/mypkg/build/mypkg/install.log --single-version-externally-managed install_data
